#-----------------------------------------------------------
# Vivado v2025.2 (64-bit)
# SW Build 6299465 on Fri Nov 14 19:35:11 GMT 2025
# IP Build 6300035 on Fri Nov 14 10:48:45 MST 2025
# SharedData Build 6298862 on Thu Nov 13 04:50:51 MST 2025
# Start of session at: Fri Dec 26 00:03:34 2025
# Process ID         : 23596
# Current directory  : C:/Users/param/.Xilinx/RTOS_MultiSensor_System/RTOS_MultiSensor_System.runs/synth_1
# Command line       : vivado.exe -log rtos_top.vds -product Vivado -mode batch -messageDb vivado.pb -notrace -source rtos_top.tcl
# Log file           : C:/Users/param/.Xilinx/RTOS_MultiSensor_System/RTOS_MultiSensor_System.runs/synth_1/rtos_top.vds
# Journal file       : C:/Users/param/.Xilinx/RTOS_MultiSensor_System/RTOS_MultiSensor_System.runs/synth_1\vivado.jou
# Running On         : ParamsLaptop
# Platform           : Windows Server 2016 or Windows 10
# Operating System   : 26100
# Processor Detail   : 13th Gen Intel(R) Core(TM) i7-13650HX
# CPU Frequency      : 2803 MHz
# CPU Physical cores : 14
# CPU Logical cores  : 20
# Host memory        : 16849 MB
# Swap memory        : 5637 MB
# Total Virtual      : 22486 MB
# Available Virtual  : 6716 MB
#-----------------------------------------------------------
source rtos_top.tcl -notrace
